process.type: browser
App ready!
